<html>
<body>
<pre>
<h1>µVision Build Log</h1>
<h2>Tool Versions:</h2>
IDE-Version: µVision V5.33.0.0
Copyright (C) 2020 ARM Ltd and ARM Germany GmbH. All rights reserved.
License Information: Jingtong Hu, Pitt, LIC=----
 
Tool Versions:
Toolchain:       MDK-Lite  Version: 5.33.0.0
Toolchain Path:  C:\Keil_v5\ARM\ARMCLANG\Bin
C Compiler:      ArmClang.exe V6.15
Assembler:       Armasm.exe V6.15
Linker/Locator:  ArmLink.exe V6.15
Library Manager: ArmAr.exe V6.15
Hex Converter:   FromElf.exe V6.15
CPU DLL:         SARMCM3.DLL V5.33.0.0
Dialog DLL:      DCM.DLL V1.17.3.0
Target DLL:      STLink\ST-LINKIII-KEIL_SWO.dll V3.0.8.0
Dialog DLL:      TCM.DLL V1.48.0.0
 
<h2>Project:</h2>
C:\Users\Aaron\Dropbox\University of Pittsburgh\ECE 0202 Embedded Processors and Interfacing\Lab Assignments - Nucleo\Lab 5_Yue\lab5\lab.uvprojx
Project File Date:  02/04/2021

<h2>Output:</h2>
*** Using Compiler 'V6.15', folder: 'C:\Keil_v5\ARM\ARMCLANG\Bin'
Rebuild target 'Target 1'
assembling core_cm4_constants.s...
assembling main.s...
assembling startup_stm32l476xx.s...
assembling stm32l476xx_constants.s...
compiling SysClock.c...
UART.c(42): warning: implicit conversion changes signedness: 'int' to 'unsigned int' [-Wsign-conversion]
        GPIOA->MODER   &= ~(3<<(2*TX_PIN) | 3<<(2*RX_PIN));     // Clear bits
                       ~~ ^~~~~~~~~~~~~~~~~~~~~~~~~~~~~~~~
UART.c(44): warning: implicit conversion changes signedness: 'int' to 'unsigned int' [-Wsign-conversion]
        GPIOA->AFR[0]  &= ~(0xF<<(4*TX_PIN) | 0xF<<(4*RX_PIN)); 
                       ~~ ^~~~~~~~~~~~~~~~~~~~~~~~~~~~~~~~~~~~
UART.c(49): warning: implicit conversion changes signedness: 'int' to 'unsigned int' [-Wsign-conversion]
        GPIOA->PUPDR   &= ~(3<<(2*TX_PIN) | 3<<(2*RX_PIN));
                       ~~ ^~~~~~~~~~~~~~~~~~~~~~~~~~~~~~~~
UART.c(51): warning: implicit conversion changes signedness: 'int' to 'unsigned int' [-Wsign-conversion]
        GPIOA->OTYPER  &=  ~(1<<TX_PIN | 1<<RX_PIN);            
                       ~~  ^~~~~~~~~~~~~~~~~~~~~~~~
UART.c(116): warning: comparison of integers of different signs: 'int' and 'uint32_t' (aka 'unsigned int') [-Wsign-compare]
        for (i = 0; i < nBytes; i++) {
                    ~ ^ ~~~~~~
UART.c(139): warning: implicit conversion loses integer precision: 'volatile uint16_t' (aka 'volatile unsigned short') to 'uint8_t' (aka 'unsigned char') [-Wimplicit-int-conversion]
                buffer[*pRx_counter] = USARTx->RDR;         // Reading USART_DR automatically clears the RXNE flag 
                                     ~ ~~~~~~~~^~~
6 warnings generated.
compiling UART.c...
linking...
.\Objects\lab.sct(8): warning: L6314W: No section matches pattern *(InRoot$$Sections).
Program Size: Code=1028 RO-data=392 RW-data=0 ZI-data=1536  
Finished: 0 information, 1 warning and 0 error messages.
FromELF: creating hex file...
".\Objects\lab.axf" - 0 Error(s), 7 Warning(s).

<h2>Software Packages used:</h2>

Package Vendor: ARM
                http://www.keil.com/pack/ARM.CMSIS.5.7.0.pack
                ARM.CMSIS.5.7.0
                CMSIS (Cortex Microcontroller Software Interface Standard)
   * Component: CORE Version: 5.4.0

Package Vendor: Keil
                http://www.keil.com/pack/Keil.STM32L4xx_DFP.2.5.0.pack
                Keil.STM32L4xx_DFP.2.5.0
                STMicroelectronics STM32L4 Series Device Support, Drivers and Examples

<h2>Collection of Component include folders:</h2>
  .\RTE\_Target_1
  C:\Users\Aaron\AppData\Local\Arm\Packs\ARM\CMSIS\5.7.0\CMSIS\Core\Include
  C:\Users\Aaron\AppData\Local\Arm\Packs\Keil\STM32L4xx_DFP\2.5.0\Drivers\CMSIS\Device\ST\STM32L4xx\Include

<h2>Collection of Component Files used:</h2>

   * Component: ARM::CMSIS:CORE:5.4.0
Build Time Elapsed:  00:00:02
</pre>
</body>
</html>
