Component: ARM Compiler 6.15 Tool: armlink [5dd79300]

==============================================================================

Section Cross References

    main.o(__DEFINES_STM32F4_CORE4_xx_DUMMY) refers (Special) to sysclock.o(.text.System_Clock_Init) for System_Clock_Init
    main.o(__DEFINES_STM32F4_CORE4_xx_DUMMY) refers (Special) to uart.o(.text.UART2_Init) for UART2_Init
    main.o(__DEFINES_STM32F4_CORE4_xx_DUMMY) refers (Special) to uart.o(.text.USART2_Write) for USART2_Write
    main.o(__DEFINES_STM32L4_xx_DUMMY) refers (Special) to sysclock.o(.text.System_Clock_Init) for System_Clock_Init
    main.o(__DEFINES_STM32L4_xx_DUMMY) refers (Special) to uart.o(.text.UART2_Init) for UART2_Init
    main.o(__DEFINES_STM32L4_xx_DUMMY) refers (Special) to uart.o(.text.USART2_Write) for USART2_Write
    main.o(main) refers (Special) to sysclock.o(.text.System_Clock_Init) for System_Clock_Init
    main.o(main) refers (Special) to uart.o(.text.UART2_Init) for UART2_Init
    main.o(main) refers (Special) to uart.o(.text.USART2_Write) for USART2_Write
    main.o(myData) refers (Special) to sysclock.o(.text.System_Clock_Init) for System_Clock_Init
    main.o(myData) refers (Special) to uart.o(.text.UART2_Init) for UART2_Init
    main.o(myData) refers (Special) to uart.o(.text.USART2_Write) for USART2_Write
    startup_stm32l476xx.o(STACK) refers (Special) to heapauxi.o(.text) for __use_two_region_memory
    startup_stm32l476xx.o(HEAP) refers (Special) to heapauxi.o(.text) for __use_two_region_memory
    startup_stm32l476xx.o(RESET) refers (Special) to heapauxi.o(.text) for __use_two_region_memory
    startup_stm32l476xx.o(RESET) refers to startup_stm32l476xx.o(STACK) for __initial_sp
    startup_stm32l476xx.o(RESET) refers to startup_stm32l476xx.o(.text) for Reset_Handler
    startup_stm32l476xx.o(.text) refers (Special) to heapauxi.o(.text) for __use_two_region_memory
    startup_stm32l476xx.o(.text) refers to main.o(main) for __main
    startup_stm32l476xx.o(.text) refers to startup_stm32l476xx.o(HEAP) for Heap_Mem
    startup_stm32l476xx.o(.text) refers to startup_stm32l476xx.o(STACK) for Stack_Mem
    sysclock.o(.ARM.exidx.text.System_Clock_Init) refers to sysclock.o(.text.System_Clock_Init) for [Anonymous Symbol]
    uart.o(.text.UART2_Init) refers to uart.o(.text.UART2_GPIO_Init) for UART2_GPIO_Init
    uart.o(.text.UART2_Init) refers to uart.o(.text.USART_Init) for USART_Init
    uart.o(.ARM.exidx.text.UART2_Init) refers to uart.o(.text.UART2_Init) for [Anonymous Symbol]
    uart.o(.ARM.exidx.text.UART2_GPIO_Init) refers to uart.o(.text.UART2_GPIO_Init) for [Anonymous Symbol]
    uart.o(.ARM.exidx.text.USART_Init) refers to uart.o(.text.USART_Init) for [Anonymous Symbol]
    uart.o(.ARM.exidx.text.USART_Read) refers to uart.o(.text.USART_Read) for [Anonymous Symbol]
    uart.o(.ARM.exidx.text.USART_Write) refers to uart.o(.text.USART_Write) for [Anonymous Symbol]
    uart.o(.ARM.exidx.text.USART_Delay) refers to uart.o(.text.USART_Delay) for [Anonymous Symbol]
    uart.o(.text.USART2_Write) refers to uart.o(.text.USART_Write) for USART_Write
    uart.o(.ARM.exidx.text.USART2_Write) refers to uart.o(.text.USART2_Write) for [Anonymous Symbol]
    uart.o(.ARM.exidx.text.USART_IRQHandler) refers to uart.o(.text.USART_IRQHandler) for [Anonymous Symbol]


==============================================================================

Removing Unused input sections from the image.

    Removing core_cm4_constants.o(__DEFINES_STM32F4_CORE4_xx_DUMMY), (0 bytes).
    Removing main.o(__DEFINES_STM32F4_CORE4_xx_DUMMY), (0 bytes).
    Removing main.o(__DEFINES_STM32L4_xx_DUMMY), (0 bytes).
    Removing main.o(myData), (7 bytes).
    Removing stm32l476xx_constants.o(__DEFINES_STM32L4_xx_DUMMY), (0 bytes).
    Removing sysclock.o(.text), (0 bytes).
    Removing sysclock.o(.ARM.exidx.text.System_Clock_Init), (8 bytes).
    Removing uart.o(.text), (0 bytes).
    Removing uart.o(.ARM.exidx.text.UART2_Init), (8 bytes).
    Removing uart.o(.ARM.exidx.text.UART2_GPIO_Init), (8 bytes).
    Removing uart.o(.ARM.exidx.text.USART_Init), (8 bytes).
    Removing uart.o(.text.USART_Read), (12 bytes).
    Removing uart.o(.ARM.exidx.text.USART_Read), (8 bytes).
    Removing uart.o(.ARM.exidx.text.USART_Write), (8 bytes).
    Removing uart.o(.text.USART_Delay), (2 bytes).
    Removing uart.o(.ARM.exidx.text.USART_Delay), (8 bytes).
    Removing uart.o(.ARM.exidx.text.USART2_Write), (8 bytes).
    Removing uart.o(.text.USART_IRQHandler), (74 bytes).
    Removing uart.o(.ARM.exidx.text.USART_IRQHandler), (8 bytes).

19 unused section(s) (total 167 bytes) removed from the image.

==============================================================================

Image Symbol Table

    Local Symbols

    Symbol Name                              Value     Ov Type        Size  Object(Section)

    ../clib/heapaux.c                        0x00000000   Number         0  heapauxi.o ABSOLUTE
    SysClock.c                               0x00000000   Number         0  sysclock.o ABSOLUTE
    UART.c                                   0x00000000   Number         0  uart.o ABSOLUTE
    core_cm4_constants.s                     0x00000000   Number         0  core_cm4_constants.o ABSOLUTE
    dc.s                                     0x00000000   Number         0  dc.o ABSOLUTE
    main.s                                   0x00000000   Number         0  main.o ABSOLUTE
    startup_stm32l476xx.s                    0x00000000   Number         0  startup_stm32l476xx.o ABSOLUTE
    stm32l476xx_constants.s                  0x00000000   Number         0  stm32l476xx_constants.o ABSOLUTE
    RESET                                    0x08000000   Section      392  startup_stm32l476xx.o(RESET)
    $v0                                      0x08000188   Number         0  startup_stm32l476xx.o(.text)
    .text                                    0x08000188   Section      132  startup_stm32l476xx.o(.text)
    .text                                    0x0800020c   Section        0  heapauxi.o(.text)
    [Anonymous Symbol]                       0x08000214   Section        0  sysclock.o(.text.System_Clock_Init)
    [Anonymous Symbol]                       0x08000330   Section        0  uart.o(.text.UART2_GPIO_Init)
    [Anonymous Symbol]                       0x08000390   Section        0  uart.o(.text.UART2_Init)
    [Anonymous Symbol]                       0x080003c8   Section        0  uart.o(.text.USART2_Write)
    [Anonymous Symbol]                       0x080003dc   Section        0  uart.o(.text.USART_Init)
    [Anonymous Symbol]                       0x08000494   Section        0  uart.o(.text.USART_Write)
    $v0                                      0x080004c0   Number         0  main.o(main)
    main                                     0x080004c0   Section      204  main.o(main)
    CWroutine                                0x08000515   Thumb Code    48  main.o(main)
    CCWroutine                               0x08000545   Thumb Code    48  main.o(main)
    delay                                    0x08000575   Thumb Code    10  main.o(main)
    Heap_Mem                                 0x20000000   Data         512  startup_stm32l476xx.o(HEAP)
    HEAP                                     0x20000000   Section      512  startup_stm32l476xx.o(HEAP)
    Stack_Mem                                0x20000200   Data        1024  startup_stm32l476xx.o(STACK)
    STACK                                    0x20000200   Section     1024  startup_stm32l476xx.o(STACK)
    __initial_sp                             0x20000600   Data           0  startup_stm32l476xx.o(STACK)

    Global Symbols

    Symbol Name                              Value     Ov Type        Size  Object(Section)

    BuildAttributes$$THM_ISAv4$E$P$D$K$B$S$7EM$VFPi3$EXTD16$VFPS$VFMA$PE$A:L22UL41UL21$X:L11$S22US41US21$IEEE1$IW$~IW$USESV6$~STKCKD$USESV7$~SHL$OTIME$ROPI$EBA8$STANDARDLIB$REQ8$EABIv2 0x00000000   Number         0  anon$$obj.o ABSOLUTE
    Image$$ER_IROM1$$RW$$Length              0x00000000   Number         0  anon$$obj.o ABSOLUTE
    Image$$ER_IROM1$$ZI$$Length              0x00000000   Number         0  anon$$obj.o ABSOLUTE
    Image$$RW_IRAM1$$Length                  0x00000000   Number         0  anon$$obj.o ABSOLUTE
    Image$$RW_IRAM1$$RO$$Length              0x00000000   Number         0  anon$$obj.o ABSOLUTE
    Image$$RW_IRAM1$$RW$$Length              0x00000000   Number         0  anon$$obj.o ABSOLUTE
    __Vectors_Size                           0x00000188   Number         0  startup_stm32l476xx.o ABSOLUTE
    Image$$ER_IROM1$$RO$$Length              0x0000058c   Number         0  anon$$obj.o ABSOLUTE
    Image$$RW_IRAM1$$ZI$$Length              0x00000600   Number         0  anon$$obj.o ABSOLUTE
    Image$$ER_IROM1$$RO$$Base                0x08000000   Number         0  anon$$obj.o ABSOLUTE
    Load$$ER_IROM1$$Base                     0x08000000   Number         0  anon$$obj.o ABSOLUTE
    __Vectors                                0x08000000   Data           4  startup_stm32l476xx.o(RESET)
    Reset_Handler                            0x08000189   Thumb Code    60  startup_stm32l476xx.o(.text)
    __Vectors_End                            0x08000188   Data           0  startup_stm32l476xx.o(RESET)
    NMI_Handler                              0x080001c5   Thumb Code     2  startup_stm32l476xx.o(.text)
    HardFault_Handler                        0x080001c7   Thumb Code     2  startup_stm32l476xx.o(.text)
    MemManage_Handler                        0x080001c9   Thumb Code     2  startup_stm32l476xx.o(.text)
    BusFault_Handler                         0x080001cb   Thumb Code     2  startup_stm32l476xx.o(.text)
    UsageFault_Handler                       0x080001cd   Thumb Code     2  startup_stm32l476xx.o(.text)
    SVC_Handler                              0x080001cf   Thumb Code     2  startup_stm32l476xx.o(.text)
    DebugMon_Handler                         0x080001d1   Thumb Code     2  startup_stm32l476xx.o(.text)
    PendSV_Handler                           0x080001d3   Thumb Code     2  startup_stm32l476xx.o(.text)
    SysTick_Handler                          0x080001d5   Thumb Code     2  startup_stm32l476xx.o(.text)
    ADC1_2_IRQHandler                        0x080001d7   Thumb Code     0  startup_stm32l476xx.o(.text)
    ADC3_IRQHandler                          0x080001d7   Thumb Code     0  startup_stm32l476xx.o(.text)
    CAN1_RX0_IRQHandler                      0x080001d7   Thumb Code     0  startup_stm32l476xx.o(.text)
    CAN1_RX1_IRQHandler                      0x080001d7   Thumb Code     0  startup_stm32l476xx.o(.text)
    CAN1_SCE_IRQHandler                      0x080001d7   Thumb Code     0  startup_stm32l476xx.o(.text)
    CAN1_TX_IRQHandler                       0x080001d7   Thumb Code     0  startup_stm32l476xx.o(.text)
    COMP_IRQHandler                          0x080001d7   Thumb Code     0  startup_stm32l476xx.o(.text)
    DFSDM0_IRQHandler                        0x080001d7   Thumb Code     0  startup_stm32l476xx.o(.text)
    DFSDM1_IRQHandler                        0x080001d7   Thumb Code     0  startup_stm32l476xx.o(.text)
    DFSDM2_IRQHandler                        0x080001d7   Thumb Code     0  startup_stm32l476xx.o(.text)
    DFSDM3_IRQHandler                        0x080001d7   Thumb Code     0  startup_stm32l476xx.o(.text)
    DMA1_Channel1_IRQHandler                 0x080001d7   Thumb Code     0  startup_stm32l476xx.o(.text)
    DMA1_Channel2_IRQHandler                 0x080001d7   Thumb Code     0  startup_stm32l476xx.o(.text)
    DMA1_Channel3_IRQHandler                 0x080001d7   Thumb Code     0  startup_stm32l476xx.o(.text)
    DMA1_Channel4_IRQHandler                 0x080001d7   Thumb Code     0  startup_stm32l476xx.o(.text)
    DMA1_Channel5_IRQHandler                 0x080001d7   Thumb Code     0  startup_stm32l476xx.o(.text)
    DMA1_Channel6_IRQHandler                 0x080001d7   Thumb Code     0  startup_stm32l476xx.o(.text)
    DMA1_Channel7_IRQHandler                 0x080001d7   Thumb Code     0  startup_stm32l476xx.o(.text)
    DMA2_Channel1_IRQHandler                 0x080001d7   Thumb Code     0  startup_stm32l476xx.o(.text)
    DMA2_Channel2_IRQHandler                 0x080001d7   Thumb Code     0  startup_stm32l476xx.o(.text)
    DMA2_Channel3_IRQHandler                 0x080001d7   Thumb Code     0  startup_stm32l476xx.o(.text)
    DMA2_Channel4_IRQHandler                 0x080001d7   Thumb Code     0  startup_stm32l476xx.o(.text)
    DMA2_Channel5_IRQHandler                 0x080001d7   Thumb Code     0  startup_stm32l476xx.o(.text)
    DMA2_Channel6_IRQHandler                 0x080001d7   Thumb Code     0  startup_stm32l476xx.o(.text)
    DMA2_Channel7_IRQHandler                 0x080001d7   Thumb Code     0  startup_stm32l476xx.o(.text)
    EXTI0_IRQHandler                         0x080001d7   Thumb Code     0  startup_stm32l476xx.o(.text)
    EXTI15_10_IRQHandler                     0x080001d7   Thumb Code     0  startup_stm32l476xx.o(.text)
    EXTI1_IRQHandler                         0x080001d7   Thumb Code     0  startup_stm32l476xx.o(.text)
    EXTI2_IRQHandler                         0x080001d7   Thumb Code     0  startup_stm32l476xx.o(.text)
    EXTI3_IRQHandler                         0x080001d7   Thumb Code     0  startup_stm32l476xx.o(.text)
    EXTI4_IRQHandler                         0x080001d7   Thumb Code     0  startup_stm32l476xx.o(.text)
    EXTI9_5_IRQHandler                       0x080001d7   Thumb Code     0  startup_stm32l476xx.o(.text)
    FLASH_IRQHandler                         0x080001d7   Thumb Code     0  startup_stm32l476xx.o(.text)
    FMC_IRQHandler                           0x080001d7   Thumb Code     0  startup_stm32l476xx.o(.text)
    FPU_IRQHandler                           0x080001d7   Thumb Code     0  startup_stm32l476xx.o(.text)
    I2C1_ER_IRQHandler                       0x080001d7   Thumb Code     0  startup_stm32l476xx.o(.text)
    I2C1_EV_IRQHandler                       0x080001d7   Thumb Code     0  startup_stm32l476xx.o(.text)
    I2C2_ER_IRQHandler                       0x080001d7   Thumb Code     0  startup_stm32l476xx.o(.text)
    I2C2_EV_IRQHandler                       0x080001d7   Thumb Code     0  startup_stm32l476xx.o(.text)
    I2C3_ER_IRQHandler                       0x080001d7   Thumb Code     0  startup_stm32l476xx.o(.text)
    I2C3_EV_IRQHandler                       0x080001d7   Thumb Code     0  startup_stm32l476xx.o(.text)
    LCD_IRQHandler                           0x080001d7   Thumb Code     0  startup_stm32l476xx.o(.text)
    LPTIM1_IRQHandler                        0x080001d7   Thumb Code     0  startup_stm32l476xx.o(.text)
    LPTIM2_IRQHandler                        0x080001d7   Thumb Code     0  startup_stm32l476xx.o(.text)
    LPUART1_IRQHandler                       0x080001d7   Thumb Code     0  startup_stm32l476xx.o(.text)
    OTG_FS_IRQHandler                        0x080001d7   Thumb Code     0  startup_stm32l476xx.o(.text)
    PVD_PVM_IRQHandler                       0x080001d7   Thumb Code     0  startup_stm32l476xx.o(.text)
    QUADSPI_IRQHandler                       0x080001d7   Thumb Code     0  startup_stm32l476xx.o(.text)
    RCC_IRQHandler                           0x080001d7   Thumb Code     0  startup_stm32l476xx.o(.text)
    RNG_IRQHandler                           0x080001d7   Thumb Code     0  startup_stm32l476xx.o(.text)
    RTC_Alarm_IRQHandler                     0x080001d7   Thumb Code     0  startup_stm32l476xx.o(.text)
    RTC_WKUP_IRQHandler                      0x080001d7   Thumb Code     0  startup_stm32l476xx.o(.text)
    SAI1_IRQHandler                          0x080001d7   Thumb Code     0  startup_stm32l476xx.o(.text)
    SAI2_IRQHandler                          0x080001d7   Thumb Code     0  startup_stm32l476xx.o(.text)
    SDMMC1_IRQHandler                        0x080001d7   Thumb Code     0  startup_stm32l476xx.o(.text)
    SPI1_IRQHandler                          0x080001d7   Thumb Code     0  startup_stm32l476xx.o(.text)
    SPI2_IRQHandler                          0x080001d7   Thumb Code     0  startup_stm32l476xx.o(.text)
    SPI3_IRQHandler                          0x080001d7   Thumb Code     0  startup_stm32l476xx.o(.text)
    SWPMI1_IRQHandler                        0x080001d7   Thumb Code     0  startup_stm32l476xx.o(.text)
    TAMP_STAMP_IRQHandler                    0x080001d7   Thumb Code     0  startup_stm32l476xx.o(.text)
    TIM1_BRK_TIM15_IRQHandler                0x080001d7   Thumb Code     0  startup_stm32l476xx.o(.text)
    TIM1_CC_IRQHandler                       0x080001d7   Thumb Code     0  startup_stm32l476xx.o(.text)
    TIM1_TRG_COM_TIM17_IRQHandler            0x080001d7   Thumb Code     0  startup_stm32l476xx.o(.text)
    TIM1_UP_TIM16_IRQHandler                 0x080001d7   Thumb Code     0  startup_stm32l476xx.o(.text)
    TIM2_IRQHandler                          0x080001d7   Thumb Code     0  startup_stm32l476xx.o(.text)
    TIM3_IRQHandler                          0x080001d7   Thumb Code     0  startup_stm32l476xx.o(.text)
    TIM4_IRQHandler                          0x080001d7   Thumb Code     0  startup_stm32l476xx.o(.text)
    TIM5_IRQHandler                          0x080001d7   Thumb Code     0  startup_stm32l476xx.o(.text)
    TIM6_DAC_IRQHandler                      0x080001d7   Thumb Code     0  startup_stm32l476xx.o(.text)
    TIM7_IRQHandler                          0x080001d7   Thumb Code     0  startup_stm32l476xx.o(.text)
    TIM8_BRK_IRQHandler                      0x080001d7   Thumb Code     0  startup_stm32l476xx.o(.text)
    TIM8_CC_IRQHandler                       0x080001d7   Thumb Code     0  startup_stm32l476xx.o(.text)
    TIM8_TRG_COM_IRQHandler                  0x080001d7   Thumb Code     0  startup_stm32l476xx.o(.text)
    TIM8_UP_IRQHandler                       0x080001d7   Thumb Code     0  startup_stm32l476xx.o(.text)
    TSC_IRQHandler                           0x080001d7   Thumb Code     0  startup_stm32l476xx.o(.text)
    UART4_IRQHandler                         0x080001d7   Thumb Code     0  startup_stm32l476xx.o(.text)
    UART5_IRQHandler                         0x080001d7   Thumb Code     0  startup_stm32l476xx.o(.text)
    USART1_IRQHandler                        0x080001d7   Thumb Code     0  startup_stm32l476xx.o(.text)
    USART2_IRQHandler                        0x080001d7   Thumb Code     0  startup_stm32l476xx.o(.text)
    USART3_IRQHandler                        0x080001d7   Thumb Code     0  startup_stm32l476xx.o(.text)
    WWDG_IRQHandler                          0x080001d7   Thumb Code     0  startup_stm32l476xx.o(.text)
    __user_initial_stackheap                 0x080001d9   Thumb Code     0  startup_stm32l476xx.o(.text)
    __use_two_region_memory                  0x0800020d   Thumb Code     2  heapauxi.o(.text)
    __rt_heap_escrow$2region                 0x0800020f   Thumb Code     2  heapauxi.o(.text)
    __rt_heap_expand$2region                 0x08000211   Thumb Code     2  heapauxi.o(.text)
    System_Clock_Init                        0x08000215   Thumb Code   284  sysclock.o(.text.System_Clock_Init)
    UART2_GPIO_Init                          0x08000331   Thumb Code    96  uart.o(.text.UART2_GPIO_Init)
    UART2_Init                               0x08000391   Thumb Code    56  uart.o(.text.UART2_Init)
    USART2_Write                             0x080003c9   Thumb Code    20  uart.o(.text.USART2_Write)
    USART_Init                               0x080003dd   Thumb Code   184  uart.o(.text.USART_Init)
    USART_Write                              0x08000495   Thumb Code    44  uart.o(.text.USART_Write)
    __main                                   0x080004c1   Thumb Code    84  main.o(main)
    Image$$ER_IROM1$$RO$$Limit               0x0800058c   Number         0  anon$$obj.o ABSOLUTE
    Image$$ER_IROM1$$RW$$Base                0x0800058c   Number         0  anon$$obj.o ABSOLUTE
    Image$$ER_IROM1$$RW$$Limit               0x0800058c   Number         0  anon$$obj.o ABSOLUTE
    Image$$ER_IROM1$$ZI$$Base                0x0800058c   Number         0  anon$$obj.o ABSOLUTE
    Image$$ER_IROM1$$ZI$$Limit               0x0800058c   Number         0  anon$$obj.o ABSOLUTE
    Load$$RW_IRAM1$$Base                     0x0800058c   Number         0  anon$$obj.o ABSOLUTE
    Image$$RW_IRAM1$$Base                    0x20000000   Number         0  anon$$obj.o ABSOLUTE
    Image$$RW_IRAM1$$Limit                   0x20000000   Number         0  anon$$obj.o ABSOLUTE
    Image$$RW_IRAM1$$RO$$Base                0x20000000   Number         0  anon$$obj.o ABSOLUTE
    Image$$RW_IRAM1$$RW$$Base                0x20000000   Number         0  anon$$obj.o ABSOLUTE
    Image$$RW_IRAM1$$RW$$Limit               0x20000000   Number         0  anon$$obj.o ABSOLUTE
    Image$$RW_IRAM1$$ZI$$Base                0x20000000   Number         0  anon$$obj.o ABSOLUTE
    Image$$RW_IRAM1$$ZI$$Limit               0x20000600   Number         0  anon$$obj.o ABSOLUTE



==============================================================================

Memory Map of the image

  Image Entry point : 0x080004c1

  Load Region LR_IROM1 (Base: 0x08000000, Size: 0x0000058c, Max: 0x00100000, ABSOLUTE)

    Execution Region ER_IROM1 (Exec base: 0x08000000, Load base: 0x08000000, Size: 0x0000058c, Max: 0x00100000, ABSOLUTE)

    Exec Addr    Load Addr    Size         Type   Attr      Idx    E Section Name        Object

    0x08000000   0x08000000   0x00000188   Data   RO           13    RESET               startup_stm32l476xx.o
    0x08000188   0x08000188   0x00000084   Code   RO           14    .text               startup_stm32l476xx.o
    0x0800020c   0x0800020c   0x00000006   Code   RO           54    .text               c_w.l(heapauxi.o)
    0x08000212   0x08000212   0x00000002   PAD
    0x08000214   0x08000214   0x0000011c   Code   RO           20    .text.System_Clock_Init  sysclock.o
    0x08000330   0x08000330   0x00000060   Code   RO           31    .text.UART2_GPIO_Init  uart.o
    0x08000390   0x08000390   0x00000038   Code   RO           29    .text.UART2_Init    uart.o
    0x080003c8   0x080003c8   0x00000014   Code   RO           41    .text.USART2_Write  uart.o
    0x080003dc   0x080003dc   0x000000b8   Code   RO           33    .text.USART_Init    uart.o
    0x08000494   0x08000494   0x0000002c   Code   RO           37    .text.USART_Write   uart.o
    0x080004c0   0x080004c0   0x000000cc   Code   RO            4  * main                main.o


    Execution Region RW_IRAM1 (Exec base: 0x20000000, Load base: 0x0800058c, Size: 0x00000600, Max: 0x00018000, ABSOLUTE)

    Exec Addr    Load Addr    Size         Type   Attr      Idx    E Section Name        Object

    0x20000000        -       0x00000200   Zero   RW           12    HEAP                startup_stm32l476xx.o
    0x20000200        -       0x00000400   Zero   RW           11    STACK               startup_stm32l476xx.o


==============================================================================

Image component sizes


      Code (inc. data)   RO Data    RW Data    ZI Data      Debug   Object Name

       204         14          0          0          0        616   main.o
       132         42        392          0       1536        900   startup_stm32l476xx.o
       284          0          0          0          0       2181   sysclock.o
       400          0          0          0          0       3687   uart.o

    ----------------------------------------------------------------------
      1020         56        392          0       1536       7384   Object Totals
         0          0          0          0          0          0   (incl. Generated)
         0          0          0          0          0          0   (incl. Padding)

    ----------------------------------------------------------------------

      Code (inc. data)   RO Data    RW Data    ZI Data      Debug   Library Member Name

         6          0          0          0          0        152   heapauxi.o

    ----------------------------------------------------------------------
         8          0          0          0          0        152   Library Totals
         2          0          0          0          0          0   (incl. Padding)

    ----------------------------------------------------------------------

      Code (inc. data)   RO Data    RW Data    ZI Data      Debug   Library Name

         6          0          0          0          0        152   c_w.l

    ----------------------------------------------------------------------
         8          0          0          0          0        152   Library Totals

    ----------------------------------------------------------------------

==============================================================================


      Code (inc. data)   RO Data    RW Data    ZI Data      Debug   

      1028         56        392          0       1536       7420   Grand Totals
      1028         56        392          0       1536       7420   ELF Image Totals
      1028         56        392          0          0          0   ROM Totals

==============================================================================

    Total RO  Size (Code + RO Data)                 1420 (   1.39kB)
    Total RW  Size (RW Data + ZI Data)              1536 (   1.50kB)
    Total ROM Size (Code + RO Data + RW Data)       1420 (   1.39kB)

==============================================================================

